Recursing with ((((((((((((((((((((1u64))))))))))))))))))))
Recursing with (((((((((((((((((((1u64)))))))))))))))))))
Recursing with ((((((((((((((((((1u64))))))))))))))))))
Recursing with (((((((((((((((((1u64)))))))))))))))))
Recursing with ((((((((((((((((1u64))))))))))))))))
Recursing with (((((((((((((((1u64)))))))))))))))
Recursing with ((((((((((((((1u64))))))))))))))
Recursing with (((((((((((((1u64)))))))))))))
Recursing with ((((((((((((1u64))))))))))))
Recursing with (((((((((((1u64)))))))))))
Recursing with ((((((((((1u64))))))))))
Recursing with (((((((((1u64)))))))))
Recursing with ((((((((1u64))))))))
Recursing with (((((((1u64)))))))
Recursing with ((((((1u64))))))
Recursing with (((((1u64)))))
Recursing with ((((1u64))))
Recursing with (((1u64)))
Recursing with ((1u64))
x is just one: (1u64)
20
a = (((1u64)))
b = ((((1u64))))
c = a + b = ((((((1u64))))))
c - b = (((1u64)))
2*c = (((((((((((1u64)))))))))))
2*c = (((((((((((1u64)))))))))))
c*2 = (((((((((((1u64)))))))))))
2*c == c*2: true
